rows=2 cols=23
schema:
smf_timestamp: timestamp[us, tz=UTC]
smf_date: date32[day]
system_id: string
subsystem_id: string
record_type: uint8
subtype: uint16
flags: uint8
source_file: string
ingest_ts: timestamp[us, tz=UTC]
interval_start_ts: timestamp[us, tz=UTC]
interval_ms: uint32
policy_name: string
workload_name: string
class_name: string
period_num: uint32
importance: uint32
service_units: uint64
cpu_units: uint64
ioc_units: uint64
mso_units: uint64
srb_units: uint64
trans_ended: uint32
trans_elapsed_sec: double
data:
smf_timestamp:   [
    2025-04-11 01:00:00.000000Z,
    2025-04-11 01:00:00.000000Z
  ]
smf_date:   [
    2025-04-11,
    2025-04-11
  ]
system_id:   [
    "SYS2",
    "SYS2"
  ]
subsystem_id:   [
    "JES2",
    "JES2"
  ]
record_type:   [
    72,
    72
  ]
subtype:   [
    3,
    3
  ]
flags:   [
    0,
    0
  ]
source_file:   [
    "test.smf",
    "test.smf"
  ]
ingest_ts:   [
    MASKED_TIMESTAMP,
    MASKED_TIMESTAMP
  ]
interval_start_ts:   [
    2025-04-11 01:00:00.000000Z,
    2025-04-11 01:00:00.000000Z
  ]
interval_ms:   [
    900000,
    900000
  ]
policy_name:   [
    "POLICY1",
    "POLICY1"
  ]
workload_name:   [
    "BATCH",
    "BATCH"
  ]
class_name:   [
    "PRODSTEP",
    "PRODSTEP"
  ]
period_num:   [
    1,
    2
  ]
importance:   [
    2,
    2
  ]
service_units:   [
    1000,
    2000
  ]
cpu_units:   [
    1000,
    2000
  ]
ioc_units:   [
    1000,
    2000
  ]
mso_units:   [
    1000,
    2000
  ]
srb_units:   [
    1000,
    2000
  ]
trans_ended:   [
    50,
    50
  ]
trans_elapsed_sec:   [
    50,
    50
  ]

