rows=2 cols=23
schema:
smf_timestamp: timestamp[us, tz=UTC]
smf_date: date32[day]
system_id: string
subsystem_id: string
record_type: uint8
subtype: uint16
flags: uint8
source_file: string
ingest_ts: timestamp[us, tz=UTC]
interval_start_ts: timestamp[us, tz=UTC]
interval_ms: uint32
sample_count: uint16
sysplex_name: string
device_num: string
volume_serial: string
storage_group: string
device_flags: uint8
ssch_count: uint32
connect_ms: uint32
pending_ms: uint32
active_ms: uint32
disconnect_ms: uint32
queue_depth: uint32
data:
smf_timestamp:   [
    2025-04-11 01:00:00.000000Z,
    2025-04-11 01:00:00.000000Z
  ]
smf_date:   [
    2025-04-11,
    2025-04-11
  ]
system_id:   [
    "SYS2",
    "SYS2"
  ]
subsystem_id:   [
    "JES2",
    "JES2"
  ]
record_type:   [
    74,
    74
  ]
subtype:   [
    1,
    1
  ]
flags:   [
    0,
    0
  ]
source_file:   [
    "test.smf",
    "test.smf"
  ]
ingest_ts:   [
    MASKED_TIMESTAMP,
    MASKED_TIMESTAMP
  ]
interval_start_ts:   [
    null,
    null
  ]
interval_ms:   [
    0,
    0
  ]
sample_count:   [
    0,
    0
  ]
sysplex_name:   [
    "",
    ""
  ]
device_num:   [
    "",
    ""
  ]
volume_serial:   [
    "",
    ""
  ]
storage_group:   [
    "",
    ""
  ]
device_flags:   [
    64,
    64
  ]
ssch_count:   [
    1077952576,
    1077952576
  ]
connect_ms:   [
    2189591168,
    2189591168
  ]
pending_ms:   [
    0,
    0
  ]
active_ms:   [
    0,
    0
  ]
disconnect_ms:   [
    0,
    0
  ]
queue_depth:   [
    0,
    0
  ]

